gplink-2.2.37 (Jan 22 2024)
Map File - Created 2025-6-30  15:55:13
 
                                 Section Info
                  Section       Type    Address   Location Size(Bytes)
                ---------  ---------  ---------  ---------  ---------
                  STARTUP       code   00000000    program   0x000002
              c_interrupt       code   0x000008    program   0x0000c6
         code_MC30P6250_C       code   0x00006b    program   0x000284
       UD_abs_mc30p6250_0      udata   00000000       data   0x000001
       UD_abs_mc30p6250_1      udata   0x000001       data   0x000001
       UD_abs_mc30p6250_2      udata   0x000002       data   0x000001
       UD_abs_mc30p6250_3      udata   0x000003       data   0x000001
       UD_abs_mc30p6250_4      udata   0x000004       data   0x000001
       UD_abs_mc30p6250_5      udata   0x000005       data   0x000001
       UD_abs_mc30p6250_6      udata   0x000006       data   0x000001
       UD_abs_mc30p6250_7      udata   0x000007       data   0x000001
       UD_abs_mc30p6250_8      udata   0x000008       data   0x000001
       UD_abs_mc30p6250_9      udata   0x000009       data   0x000001
       UD_abs_mc30p6250_a      udata   0x00000a       data   0x000001
       UD_abs_mc30p6250_b      udata   0x00000b       data   0x000001
       UD_abs_mc30p6250_c      udata   0x00000c       data   0x000001
       UD_abs_mc30p6250_d      udata   0x00000d       data   0x000001
       UD_abs_mc30p6250_e      udata   0x00000e       data   0x000001
       UD_abs_mc30p6250_f      udata   0x00000f       data   0x000001
                sharebank      udata   0x000010       data   0x000007
        UDL_MC30P6250_C_0      udata   0x000017       data   0x000011
         UD_MC30P6250_C_0      udata   0x000028       data   0x000001
         UD_MC30P6250_C_1      udata   0x000029       data   0x000001
         UD_MC30P6250_C_2      udata   0x00002a       data   0x000001
         UD_MC30P6250_C_3      udata   0x00002b       data   0x000001
         UD_MC30P6250_C_4      udata   0x00002c       data   0x000001
         UD_MC30P6250_C_5      udata   0x00002d       data   0x000001
         UD_MC30P6250_C_6      udata   0x00002e       data   0x000001
         UD_MC30P6250_C_7      udata   0x00002f       data   0x000001
         UD_MC30P6250_C_8      udata   0x000030       data   0x000001
         UD_MC30P6250_C_9      udata   0x000031       data   0x000001
        UD_MC30P6250_C_10      udata   0x000032       data   0x000001
      UD_abs_mc30p6250_41      udata   0x000041       data   0x000001
      UD_abs_mc30p6250_42      udata   0x000042       data   0x000001
      UD_abs_mc30p6250_46      udata   0x000046       data   0x000001
      UD_abs_mc30p6250_47      udata   0x000047       data   0x000001
      UD_abs_mc30p6250_48      udata   0x000048       data   0x000001
      UD_abs_mc30p6250_49      udata   0x000049       data   0x000001
      UD_abs_mc30p6250_4a      udata   0x00004a       data   0x000001
      UD_abs_mc30p6250_4b      udata   0x00004b       data   0x000001
      UD_abs_mc30p6250_4c      udata   0x00004c       data   0x000001
      UD_abs_mc30p6250_4d      udata   0x00004d       data   0x000001
      UD_abs_mc30p6250_4e      udata   0x00004e       data   0x000001
      UD_abs_mc30p6250_4f      udata   0x00004f       data   0x000001
      UD_abs_mc30p6250_50      udata   0x000050       data   0x000001
      UD_abs_mc30p6250_51      udata   0x000051       data   0x000001
      UD_abs_mc30p6250_52      udata   0x000052       data   0x000001
 
                              Program Memory Usage
                               Start         End
                           ---------   ---------
                            00000000    00000000
                            0x000008    0x00006a
                            0x00006b    0x0001ac
 
                            422 program addresses used
 
                              Symbols
                     Name    Address   Location    Storage File
                ---------  ---------  ---------  --------- ---------
                    STK06   0x000010       data     extern MC30P6250_C.asm
                    STK05   0x000011       data     extern MC30P6250_C.asm
                    STK04   0x000012       data     extern MC30P6250_C.asm
                    STK03   0x000013       data     extern MC30P6250_C.asm
                    STK02   0x000014       data     extern MC30P6250_C.asm
                    STK01   0x000015       data     extern MC30P6250_C.asm
                    STK00   0x000016       data     extern MC30P6250_C.asm
                    _abuf   0x000028       data     extern MC30P6250_C.asm
               _statusbuf   0x000029       data     extern MC30P6250_C.asm
                   _flag1   0x00002a       data     extern MC30P6250_C.asm
         _key_sleep_count   0x00002b       data     extern MC30P6250_C.asm
             _key_filtter   0x00002c       data     extern MC30P6250_C.asm
          _key_scan_count   0x00002d       data     extern MC30P6250_C.asm
               _key_level   0x00002e       data     extern MC30P6250_C.asm
    _key_press_10ms_count   0x00002f       data     extern MC30P6250_C.asm
              _light_mode   0x000030       data     extern MC30P6250_C.asm
            _sleep_enalbe   0x000031       data     extern MC30P6250_C.asm
             _timer0_flag   0x000032       data     extern MC30P6250_C.asm
                  r0x1015   0x000017       data     static MC30P6250_C.asm
                  r0x1014   0x000018       data     static MC30P6250_C.asm
                  r0x1016   0x000019       data     static MC30P6250_C.asm
                  r0x1017   0x00001a       data     static MC30P6250_C.asm
                  r0x1018   0x00001b       data     static MC30P6250_C.asm
                  r0x1019   0x00001c       data     static MC30P6250_C.asm
_rt_detect_event_switch_mode_count_65536_37   0x00001d       data     static MC30P6250_C.asm
_rt_detect_event_Statue_65536_37   0x00001f       data     static MC30P6250_C.asm
_rt_detect_event_pluse_count_65536_37   0x000020       data     static MC30P6250_C.asm
_rt_detect_event_pluse_time_65536_37   0x000021       data     static MC30P6250_C.asm
   _int_isr_cnt_196608_73   0x000022       data     static MC30P6250_C.asm
   _int_isr_cnt_196608_77   0x000024       data     static MC30P6250_C.asm
_int_isr_loop_cnt_196608_81   0x000026       data     static MC30P6250_C.asm
         __sdcc_interrupt   0x000008    program     static MC30P6250_C.asm
                 _int_isr   0x000008    program     extern MC30P6250_C.asm
               _00374_DS_   0x00001f    program     static MC30P6250_C.asm
               _00306_DS_   0x000023    program     static MC30P6250_C.asm
               _00375_DS_   0x000029    program     static MC30P6250_C.asm
               _00303_DS_   0x00002d    program     static MC30P6250_C.asm
               _00323_DS_   0x000030    program     static MC30P6250_C.asm
               _00376_DS_   0x00003d    program     static MC30P6250_C.asm
               _00312_DS_   0x000041    program     static MC30P6250_C.asm
               _00377_DS_   0x000047    program     static MC30P6250_C.asm
               _00309_DS_   0x00004b    program     static MC30P6250_C.asm
               _00320_DS_   0x00004e    program     static MC30P6250_C.asm
               _00378_DS_   0x00005e    program     static MC30P6250_C.asm
               _00324_DS_   0x000064    program     static MC30P6250_C.asm
               _00326_DS_   0x000066    program     static MC30P6250_C.asm
         END_OF_INTERRUPT   0x00006a    program     static MC30P6250_C.asm
                    _main   0x00006b    program     extern MC30P6250_C.asm
               _00297_DS_   0x00006c    program     static MC30P6250_C.asm
               _00267_DS_   0x000074    program     static MC30P6250_C.asm
               _00274_DS_   0x00007e    program     static MC30P6250_C.asm
               _00271_DS_   0x00008a    program     static MC30P6250_C.asm
               _00275_DS_   0x00008c    program     static MC30P6250_C.asm
               _00289_DS_   0x00008e    program     static MC30P6250_C.asm
               _00277_DS_   0x00009f    program     static MC30P6250_C.asm
               _00286_DS_   0x0000a1    program     static MC30P6250_C.asm
               _00290_DS_   0x0000bb    program     static MC30P6250_C.asm
         _rt_detect_event   0x0000c5    program     extern MC30P6250_C.asm
               _00186_DS_   0x0000d9    program     static MC30P6250_C.asm
               _00191_DS_   0x0000de    program     static MC30P6250_C.asm
               _00195_DS_   0x0000df    program     static MC30P6250_C.asm
               _00196_DS_   0x0000e3    program     static MC30P6250_C.asm
               _00260_DS_   0x0000ea    program     static MC30P6250_C.asm
               _00261_DS_   0x0000ef    program     static MC30P6250_C.asm
               _00197_DS_   0x0000f0    program     static MC30P6250_C.asm
               _00200_DS_   0x0000f5    program     static MC30P6250_C.asm
               _00204_DS_   0x0000fb    program     static MC30P6250_C.asm
               _00206_DS_   0x000102    program     static MC30P6250_C.asm
               _00212_DS_   0x00010a    program     static MC30P6250_C.asm
               _00214_DS_   0x00010e    program     static MC30P6250_C.asm
       _light_mode_handle   0x00010f    program     extern MC30P6250_C.asm
               _00166_DS_   0x000115    program     static MC30P6250_C.asm
               _00168_DS_   0x00011a    program     static MC30P6250_C.asm
                _key_scan   0x00011b    program     extern MC30P6250_C.asm
               _00137_DS_   0x000129    program     static MC30P6250_C.asm
               _00141_DS_   0x000132    program     static MC30P6250_C.asm
               _00142_DS_   0x000137    program     static MC30P6250_C.asm
               _00144_DS_   0x000140    program     static MC30P6250_C.asm
               _00153_DS_   0x000147    program     static MC30P6250_C.asm
               _00150_DS_   0x000157    program     static MC30P6250_C.asm
               _00157_DS_   0x000158    program     static MC30P6250_C.asm
             _params_init   0x000159    program     extern MC30P6250_C.asm
                _Sys_Init   0x000164    program     extern MC30P6250_C.asm
         _TIMER0_INT_Init   0x00016f    program     extern MC30P6250_C.asm
                 _IO_Init   0x000175    program     extern MC30P6250_C.asm
                   _C_RAM   0x000183    program     extern MC30P6250_C.asm
   _code_MC30P6250_C_011F   0x00018a    program     static MC30P6250_C.asm
                _delay_ms   0x00018d    program     extern MC30P6250_C.asm
               _00108_DS_   0x000190    program     static MC30P6250_C.asm
               _00105_DS_   0x000198    program     static MC30P6250_C.asm
               _00107_DS_   0x0001a6    program     static MC30P6250_C.asm
               _00111_DS_   0x0001ac    program     static MC30P6250_C.asm
                _INDFbits   00000000       data     extern mc30p6250.asm
                    _INDF   00000000       data     extern mc30p6250.asm
               _T0CNTbits   0x000001       data     extern mc30p6250.asm
                   _T0CNT   0x000001       data     extern mc30p6250.asm
                 _PCLbits   0x000002       data     extern mc30p6250.asm
                     _PCL   0x000002       data     extern mc30p6250.asm
              _STATUSbits   0x000003       data     extern mc30p6250.asm
                  _STATUS   0x000003       data     extern mc30p6250.asm
                 _FSRbits   0x000004       data     extern mc30p6250.asm
                     _FSR   0x000004       data     extern mc30p6250.asm
                    _GPR1   0x000005       data     extern mc30p6250.asm
                  _P1bits   0x000006       data     extern mc30p6250.asm
                      _P1   0x000006       data     extern mc30p6250.asm
                    _GPR0   0x000007       data     extern mc30p6250.asm
                 _MCRbits   0x000008       data     extern mc30p6250.asm
                     _MCR   0x000008       data     extern mc30p6250.asm
              _P1KBCRbits   0x000009       data     extern mc30p6250.asm
                  _P1KBCR   0x000009       data     extern mc30p6250.asm
              _PCLATHbits   0x00000a       data     extern mc30p6250.asm
                  _PCLATH   0x00000a       data     extern mc30p6250.asm
               _PDCONbits   0x00000b       data     extern mc30p6250.asm
                   _PDCON   0x00000b       data     extern mc30p6250.asm
               _ODCONbits   0x00000c       data     extern mc30p6250.asm
                   _ODCON   0x00000c       data     extern mc30p6250.asm
               _PUCONbits   0x00000d       data     extern mc30p6250.asm
                   _PUCON   0x00000d       data     extern mc30p6250.asm
                _INTEbits   0x00000e       data     extern mc30p6250.asm
                    _INTE   0x00000e       data     extern mc30p6250.asm
                _INTFbits   0x00000f       data     extern mc30p6250.asm
                    _INTF   0x00000f       data     extern mc30p6250.asm
                _T0CRbits   0x000041       data     extern mc30p6250.asm
                    _T0CR   0x000041       data     extern mc30p6250.asm
              _T1DATDbits   0x000042       data     extern mc30p6250.asm
                  _T1DATD   0x000042       data     extern mc30p6250.asm
                _DDR1bits   0x000046       data     extern mc30p6250.asm
                    _DDR1   0x000046       data     extern mc30p6250.asm
             _PWM1CR1bits   0x000047       data     extern mc30p6250.asm
                 _PWM1CR1   0x000047       data     extern mc30p6250.asm
             _PWM1CR0bits   0x000048       data     extern mc30p6250.asm
                 _PWM1CR0   0x000048       data     extern mc30p6250.asm
              _T1DATBbits   0x000049       data     extern mc30p6250.asm
                  _T1DATB   0x000049       data     extern mc30p6250.asm
              _T1DATCbits   0x00004a       data     extern mc30p6250.asm
                  _T1DATC   0x00004a       data     extern mc30p6250.asm
               _TM0CRbits   0x00004b       data     extern mc30p6250.asm
                   _TM0CR   0x00004b       data     extern mc30p6250.asm
                _T1CRbits   0x00004c       data     extern mc30p6250.asm
                    _T1CR   0x00004c       data     extern mc30p6250.asm
               _T1CNTbits   0x00004d       data     extern mc30p6250.asm
                   _T1CNT   0x00004d       data     extern mc30p6250.asm
              _T1LOADbits   0x00004e       data     extern mc30p6250.asm
                  _T1LOAD   0x00004e       data     extern mc30p6250.asm
              _T1DATAbits   0x00004f       data     extern mc30p6250.asm
                  _T1DATA   0x00004f       data     extern mc30p6250.asm
              _CMPCR0bits   0x000050       data     extern mc30p6250.asm
                  _CMPCR0   0x000050       data     extern mc30p6250.asm
              _CMPCR1bits   0x000051       data     extern mc30p6250.asm
                  _CMPCR1   0x000051       data     extern mc30p6250.asm
              _CMPCR2bits   0x000052       data     extern mc30p6250.asm
                  _CMPCR2   0x000052       data     extern mc30p6250.asm
 
