gplink-2.2.37 (Jan 22 2024)
Map File - Created 2025-5-24  08:50:29
 
                                 Section Info
                  Section       Type    Address   Location Size(Bytes)
                ---------  ---------  ---------  ---------  ---------
                  STARTUP       code   00000000    program   0x000002
              c_interrupt       code   0x000008    program   0x000044
         code_MC30P6250_C       code   0x00002a    program   0x000674
       UD_abs_mc30p6250_0      udata   00000000       data   0x000001
       UD_abs_mc30p6250_1      udata   0x000001       data   0x000001
       UD_abs_mc30p6250_2      udata   0x000002       data   0x000001
       UD_abs_mc30p6250_3      udata   0x000003       data   0x000001
       UD_abs_mc30p6250_4      udata   0x000004       data   0x000001
       UD_abs_mc30p6250_5      udata   0x000005       data   0x000001
       UD_abs_mc30p6250_6      udata   0x000006       data   0x000001
       UD_abs_mc30p6250_7      udata   0x000007       data   0x000001
       UD_abs_mc30p6250_8      udata   0x000008       data   0x000001
       UD_abs_mc30p6250_9      udata   0x000009       data   0x000001
       UD_abs_mc30p6250_a      udata   0x00000a       data   0x000001
       UD_abs_mc30p6250_b      udata   0x00000b       data   0x000001
       UD_abs_mc30p6250_c      udata   0x00000c       data   0x000001
       UD_abs_mc30p6250_d      udata   0x00000d       data   0x000001
       UD_abs_mc30p6250_e      udata   0x00000e       data   0x000001
       UD_abs_mc30p6250_f      udata   0x00000f       data   0x000001
                sharebank      udata   0x000010       data   0x000007
        UDL_MC30P6250_C_0      udata   0x000017       data   0x00000c
        UD_MC30P6250_C_10      udata   0x000023       data   0x000002
         UD_MC30P6250_C_0      udata   0x000025       data   0x000001
         UD_MC30P6250_C_1      udata   0x000026       data   0x000001
         UD_MC30P6250_C_2      udata   0x000027       data   0x000001
         UD_MC30P6250_C_3      udata   0x000028       data   0x000001
         UD_MC30P6250_C_4      udata   0x000029       data   0x000001
         UD_MC30P6250_C_5      udata   0x00002a       data   0x000001
         UD_MC30P6250_C_6      udata   0x00002b       data   0x000001
         UD_MC30P6250_C_7      udata   0x00002c       data   0x000001
         UD_MC30P6250_C_8      udata   0x00002d       data   0x000001
         UD_MC30P6250_C_9      udata   0x00002e       data   0x000001
        UD_MC30P6250_C_11      udata   0x00002f       data   0x000001
        UD_MC30P6250_C_12      udata   0x000030       data   0x000001
        UD_MC30P6250_C_13      udata   0x000031       data   0x000001
        UD_MC30P6250_C_14      udata   0x000032       data   0x000001
        UD_MC30P6250_C_15      udata   0x000033       data   0x000001
        UD_MC30P6250_C_16      udata   0x000034       data   0x000001
        UD_MC30P6250_C_17      udata   0x000035       data   0x000001
        UD_MC30P6250_C_18      udata   0x000036       data   0x000001
        UD_MC30P6250_C_19      udata   0x000037       data   0x000001
        UD_MC30P6250_C_20      udata   0x000038       data   0x000001
      UD_abs_mc30p6250_41      udata   0x000041       data   0x000001
      UD_abs_mc30p6250_42      udata   0x000042       data   0x000001
      UD_abs_mc30p6250_46      udata   0x000046       data   0x000001
      UD_abs_mc30p6250_47      udata   0x000047       data   0x000001
      UD_abs_mc30p6250_48      udata   0x000048       data   0x000001
      UD_abs_mc30p6250_49      udata   0x000049       data   0x000001
      UD_abs_mc30p6250_4a      udata   0x00004a       data   0x000001
      UD_abs_mc30p6250_4b      udata   0x00004b       data   0x000001
      UD_abs_mc30p6250_4c      udata   0x00004c       data   0x000001
      UD_abs_mc30p6250_4d      udata   0x00004d       data   0x000001
      UD_abs_mc30p6250_4e      udata   0x00004e       data   0x000001
      UD_abs_mc30p6250_4f      udata   0x00004f       data   0x000001
      UD_abs_mc30p6250_50      udata   0x000050       data   0x000001
      UD_abs_mc30p6250_51      udata   0x000051       data   0x000001
      UD_abs_mc30p6250_52      udata   0x000052       data   0x000001
 
                              Program Memory Usage
                               Start         End
                           ---------   ---------
                            00000000    00000000
                            0x000008    0x000029
                            0x00002a    0x000363
 
                            861 program addresses used
 
                              Symbols
                     Name    Address   Location    Storage File
                ---------  ---------  ---------  --------- ---------
                    STK06   0x000010       data     extern MC30P6250_C.asm
                    STK05   0x000011       data     extern MC30P6250_C.asm
                    STK04   0x000012       data     extern MC30P6250_C.asm
                    STK03   0x000013       data     extern MC30P6250_C.asm
                    STK02   0x000014       data     extern MC30P6250_C.asm
                    STK01   0x000015       data     extern MC30P6250_C.asm
                    STK00   0x000016       data     extern MC30P6250_C.asm
                    _abuf   0x000025       data     extern MC30P6250_C.asm
               _statusbuf   0x000026       data     extern MC30P6250_C.asm
                   _flag1   0x000027       data     extern MC30P6250_C.asm
         _key_sleep_count   0x000028       data     extern MC30P6250_C.asm
             _key_filtter   0x000029       data     extern MC30P6250_C.asm
          _key_scan_count   0x00002a       data     extern MC30P6250_C.asm
               _key_level   0x00002b       data     extern MC30P6250_C.asm
    _key_press_10ms_count   0x00002c       data     extern MC30P6250_C.asm
              _light_mode   0x00002d       data     extern MC30P6250_C.asm
    _light_mode_flash_dir   0x00002e       data     extern MC30P6250_C.asm
  _light_mode_flash_count   0x000023       data     extern MC30P6250_C.asm
     _light_mode_fade_dir   0x00002f       data     extern MC30P6250_C.asm
   _light_mode_fade_count   0x000030       data     extern MC30P6250_C.asm
        _pwm_switch_count   0x000031       data     extern MC30P6250_C.asm
              _pwm_switch   0x000032       data     extern MC30P6250_C.asm
                _pwm_duty   0x000033       data     extern MC30P6250_C.asm
               _pwm2_duty   0x000034       data     extern MC30P6250_C.asm
              _rt_trigger   0x000035       data     extern MC30P6250_C.asm
            _sleep_enalbe   0x000036       data     extern MC30P6250_C.asm
             _timer0_flag   0x000037       data     extern MC30P6250_C.asm
            _timer1_count   0x000038       data     extern MC30P6250_C.asm
                  r0x101D   0x000017       data     static MC30P6250_C.asm
                  r0x101E   0x000018       data     static MC30P6250_C.asm
   _delay_1ms__ms_65536_8   0x000019       data     static MC30P6250_C.asm
 _delay_10ms__ms_65536_10   0x00001b       data     static MC30P6250_C.asm
_rt_detect_event_switch_mode_count_65536_87   0x00001d       data     static MC30P6250_C.asm
_rt_detect_event_Statue_65536_87   0x00001f       data     static MC30P6250_C.asm
_rt_detect_event_pluse_count_65536_87   0x000020       data     static MC30P6250_C.asm
_rt_detect_event_pluse_time_65536_87   0x000021       data     static MC30P6250_C.asm
         __sdcc_interrupt   0x000008    program     static MC30P6250_C.asm
                 _int_isr   0x000008    program     extern MC30P6250_C.asm
               _00454_DS_   0x000017    program     static MC30P6250_C.asm
               _00457_DS_   0x000020    program     static MC30P6250_C.asm
               _00460_DS_   0x000025    program     static MC30P6250_C.asm
         END_OF_INTERRUPT   0x000029    program     static MC30P6250_C.asm
                    _main   0x00002a    program     extern MC30P6250_C.asm
               _00446_DS_   0x00002b    program     static MC30P6250_C.asm
               _00416_DS_   0x000033    program     static MC30P6250_C.asm
               _00423_DS_   0x000041    program     static MC30P6250_C.asm
               _00420_DS_   0x00004a    program     static MC30P6250_C.asm
               _00424_DS_   0x00004c    program     static MC30P6250_C.asm
               _00438_DS_   0x00004e    program     static MC30P6250_C.asm
               _00426_DS_   0x00005c    program     static MC30P6250_C.asm
               _00435_DS_   0x00005e    program     static MC30P6250_C.asm
               _00439_DS_   0x000075    program     static MC30P6250_C.asm
         _rt_detect_event   0x00007f    program     extern MC30P6250_C.asm
               _00334_DS_   0x000093    program     static MC30P6250_C.asm
               _00339_DS_   0x000098    program     static MC30P6250_C.asm
               _00343_DS_   0x000099    program     static MC30P6250_C.asm
               _00344_DS_   0x00009d    program     static MC30P6250_C.asm
               _00408_DS_   0x0000a4    program     static MC30P6250_C.asm
               _00409_DS_   0x0000a9    program     static MC30P6250_C.asm
               _00345_DS_   0x0000aa    program     static MC30P6250_C.asm
               _00348_DS_   0x0000af    program     static MC30P6250_C.asm
               _00352_DS_   0x0000b6    program     static MC30P6250_C.asm
               _00410_DS_   0x0000bf    program     static MC30P6250_C.asm
               _00354_DS_   0x0000c4    program     static MC30P6250_C.asm
               _00360_DS_   0x0000ce    program     static MC30P6250_C.asm
               _00362_DS_   0x0000d2    program     static MC30P6250_C.asm
        _light_deal_event   0x0000d3    program     extern MC30P6250_C.asm
               _00166_DS_   0x0000e2    program     static MC30P6250_C.asm
               _00167_DS_   0x0000e3    program     static MC30P6250_C.asm
               _00169_DS_   0x0000f2    program     static MC30P6250_C.asm
               _00170_DS_   0x0000f3    program     static MC30P6250_C.asm
               _00322_DS_   0x000108    program     static MC30P6250_C.asm
               _00172_DS_   0x000120    program     static MC30P6250_C.asm
               _00174_DS_   0x000126    program     static MC30P6250_C.asm
               _00319_DS_   0x000129    program     static MC30P6250_C.asm
               _00177_DS_   0x00013c    program     static MC30P6250_C.asm
               _00187_DS_   0x000143    program     static MC30P6250_C.asm
               _00181_DS_   0x00014c    program     static MC30P6250_C.asm
               _00316_DS_   0x000152    program     static MC30P6250_C.asm
               _00205_DS_   0x000162    program     static MC30P6250_C.asm
               _00192_DS_   0x000170    program     static MC30P6250_C.asm
               _00200_DS_   0x000174    program     static MC30P6250_C.asm
               _00195_DS_   0x00017e    program     static MC30P6250_C.asm
               _00313_DS_   0x000182    program     static MC30P6250_C.asm
               _00209_DS_   0x00018d    program     static MC30P6250_C.asm
               _00310_DS_   0x00018f    program     static MC30P6250_C.asm
               _00212_DS_   0x000199    program     static MC30P6250_C.asm
               _00307_DS_   0x00019c    program     static MC30P6250_C.asm
               _00215_DS_   0x0001b4    program     static MC30P6250_C.asm
               _00216_DS_   0x0001bc    program     static MC30P6250_C.asm
               _00217_DS_   0x0001be    program     static MC30P6250_C.asm
               _00304_DS_   0x0001c1    program     static MC30P6250_C.asm
               _00221_DS_   0x0001d9    program     static MC30P6250_C.asm
               _00222_DS_   0x0001e1    program     static MC30P6250_C.asm
               _00223_DS_   0x0001e3    program     static MC30P6250_C.asm
               _00301_DS_   0x0001e6    program     static MC30P6250_C.asm
               _00227_DS_   0x0001fa    program     static MC30P6250_C.asm
               _00229_DS_   0x000204    program     static MC30P6250_C.asm
               _00235_DS_   0x000207    program     static MC30P6250_C.asm
               _00232_DS_   0x00020e    program     static MC30P6250_C.asm
               _00298_DS_   0x000210    program     static MC30P6250_C.asm
               _00238_DS_   0x000222    program     static MC30P6250_C.asm
               _00240_DS_   0x00022b    program     static MC30P6250_C.asm
               _00250_DS_   0x000232    program     static MC30P6250_C.asm
               _00244_DS_   0x00023b    program     static MC30P6250_C.asm
               _00295_DS_   0x000241    program     static MC30P6250_C.asm
               _00255_DS_   0x000253    program     static MC30P6250_C.asm
               _00257_DS_   0x00025c    program     static MC30P6250_C.asm
               _00267_DS_   0x000263    program     static MC30P6250_C.asm
               _00261_DS_   0x00026c    program     static MC30P6250_C.asm
               _00292_DS_   0x000272    program     static MC30P6250_C.asm
               _00272_DS_   0x00028e    program     static MC30P6250_C.asm
               _00282_DS_   0x000295    program     static MC30P6250_C.asm
               _00276_DS_   0x00029e    program     static MC30P6250_C.asm
               _00287_DS_   0x0002a4    program     static MC30P6250_C.asm
               _00323_DS_   0x0002a9    program     static MC30P6250_C.asm
               _00325_DS_   0x0002b6    program     static MC30P6250_C.asm
               _00326_DS_   0x0002ba    program     static MC30P6250_C.asm
                _key_scan   0x0002bb    program     extern MC30P6250_C.asm
               _00140_DS_   0x0002c9    program     static MC30P6250_C.asm
               _00144_DS_   0x0002d2    program     static MC30P6250_C.asm
               _00145_DS_   0x0002d7    program     static MC30P6250_C.asm
               _00147_DS_   0x0002e0    program     static MC30P6250_C.asm
               _00156_DS_   0x0002e7    program     static MC30P6250_C.asm
               _00151_DS_   0x0002f6    program     static MC30P6250_C.asm
               _00153_DS_   0x0002fb    program     static MC30P6250_C.asm
               _00160_DS_   0x0002fc    program     static MC30P6250_C.asm
             _params_init   0x0002fd    program     extern MC30P6250_C.asm
                _Sys_Init   0x000308    program     extern MC30P6250_C.asm
         _TIMER1_PWM_Init   0x000310    program     extern MC30P6250_C.asm
         _TIMER0_INT_Init   0x00031b    program     extern MC30P6250_C.asm
                 _IO_Init   0x000321    program     extern MC30P6250_C.asm
                   _C_RAM   0x00032e    program     extern MC30P6250_C.asm
   _code_MC30P6250_C_030B   0x000335    program     static MC30P6250_C.asm
              _delay_10ms   0x000338    program     extern MC30P6250_C.asm
               _00110_DS_   0x00033c    program     static MC30P6250_C.asm
               _delay_1ms   0x00034e    program     extern MC30P6250_C.asm
               _00105_DS_   0x000352    program     static MC30P6250_C.asm
                _INDFbits   00000000       data     extern mc30p6250.asm
                    _INDF   00000000       data     extern mc30p6250.asm
               _T0CNTbits   0x000001       data     extern mc30p6250.asm
                   _T0CNT   0x000001       data     extern mc30p6250.asm
                 _PCLbits   0x000002       data     extern mc30p6250.asm
                     _PCL   0x000002       data     extern mc30p6250.asm
              _STATUSbits   0x000003       data     extern mc30p6250.asm
                  _STATUS   0x000003       data     extern mc30p6250.asm
                 _FSRbits   0x000004       data     extern mc30p6250.asm
                     _FSR   0x000004       data     extern mc30p6250.asm
                    _GPR1   0x000005       data     extern mc30p6250.asm
                  _P1bits   0x000006       data     extern mc30p6250.asm
                      _P1   0x000006       data     extern mc30p6250.asm
                    _GPR0   0x000007       data     extern mc30p6250.asm
                 _MCRbits   0x000008       data     extern mc30p6250.asm
                     _MCR   0x000008       data     extern mc30p6250.asm
              _P1KBCRbits   0x000009       data     extern mc30p6250.asm
                  _P1KBCR   0x000009       data     extern mc30p6250.asm
              _PCLATHbits   0x00000a       data     extern mc30p6250.asm
                  _PCLATH   0x00000a       data     extern mc30p6250.asm
               _PDCONbits   0x00000b       data     extern mc30p6250.asm
                   _PDCON   0x00000b       data     extern mc30p6250.asm
               _ODCONbits   0x00000c       data     extern mc30p6250.asm
                   _ODCON   0x00000c       data     extern mc30p6250.asm
               _PUCONbits   0x00000d       data     extern mc30p6250.asm
                   _PUCON   0x00000d       data     extern mc30p6250.asm
                _INTEbits   0x00000e       data     extern mc30p6250.asm
                    _INTE   0x00000e       data     extern mc30p6250.asm
                _INTFbits   0x00000f       data     extern mc30p6250.asm
                    _INTF   0x00000f       data     extern mc30p6250.asm
                _T0CRbits   0x000041       data     extern mc30p6250.asm
                    _T0CR   0x000041       data     extern mc30p6250.asm
              _T1DATDbits   0x000042       data     extern mc30p6250.asm
                  _T1DATD   0x000042       data     extern mc30p6250.asm
                _DDR1bits   0x000046       data     extern mc30p6250.asm
                    _DDR1   0x000046       data     extern mc30p6250.asm
             _PWM1CR1bits   0x000047       data     extern mc30p6250.asm
                 _PWM1CR1   0x000047       data     extern mc30p6250.asm
             _PWM1CR0bits   0x000048       data     extern mc30p6250.asm
                 _PWM1CR0   0x000048       data     extern mc30p6250.asm
              _T1DATBbits   0x000049       data     extern mc30p6250.asm
                  _T1DATB   0x000049       data     extern mc30p6250.asm
              _T1DATCbits   0x00004a       data     extern mc30p6250.asm
                  _T1DATC   0x00004a       data     extern mc30p6250.asm
               _TM0CRbits   0x00004b       data     extern mc30p6250.asm
                   _TM0CR   0x00004b       data     extern mc30p6250.asm
                _T1CRbits   0x00004c       data     extern mc30p6250.asm
                    _T1CR   0x00004c       data     extern mc30p6250.asm
               _T1CNTbits   0x00004d       data     extern mc30p6250.asm
                   _T1CNT   0x00004d       data     extern mc30p6250.asm
              _T1LOADbits   0x00004e       data     extern mc30p6250.asm
                  _T1LOAD   0x00004e       data     extern mc30p6250.asm
              _T1DATAbits   0x00004f       data     extern mc30p6250.asm
                  _T1DATA   0x00004f       data     extern mc30p6250.asm
              _CMPCR0bits   0x000050       data     extern mc30p6250.asm
                  _CMPCR0   0x000050       data     extern mc30p6250.asm
              _CMPCR1bits   0x000051       data     extern mc30p6250.asm
                  _CMPCR1   0x000051       data     extern mc30p6250.asm
              _CMPCR2bits   0x000052       data     extern mc30p6250.asm
                  _CMPCR2   0x000052       data     extern mc30p6250.asm
 
